Testing Chat API...
Status: 200
Raw Response: {"message":"# ­ƒî┤ Kerala Honeymoon Packages for You!\n\nI found some **beautiful 5-day Kerala honeymoon packages** starting from Ôé╣19,000 per couple! These include romantic stays, backwater cruises, and stunning hill station experiences.\n\n**Popular options:**\n- **Perfect Honeymoon in Kerala** - Ôé╣19,000 (4N/5D)\n- **Majestic Kerala Honeymoon Experience** - Ôé╣25,000 (4N/5D)\n\nBoth cover scenic locations perfect for couples seeking romance and relaxation.\n\n---\n\n### Quick question to help me find your perfect match:\n\n**What's your approximate budget per couple?**\n- Under Ôé╣20,000\n- Ôé╣20,000 - Ôé╣30,000\n- Above Ôé╣30,000\n\nAlso, which experience excites you more - **serene backwaters** or **misty hill stations**? ­ƒÅ×´©Å","provider":"claude"}
Parsed Response: {
  "message": "# ­ƒî┤ Kerala Honeymoon Packages for You!\n\nI found some **beautiful 5-day Kerala honeymoon packages** starting from Ôé╣19,000 per couple! These include romantic stays, backwater cruises, and stunning hill station experiences.\n\n**Popular options:**\n- **Perfect Honeymoon in Kerala** - Ôé╣19,000 (4N/5D)\n- **Majestic Kerala Honeymoon Experience** - Ôé╣25,000 (4N/5D)\n\nBoth cover scenic locations perfect for couples seeking romance and relaxation.\n\n---\n\n### Quick question to help me find your perfect match:\n\n**What's your approximate budget per couple?**\n- Under Ôé╣20,000\n- Ôé╣20,000 - Ôé╣30,000\n- Above Ôé╣30,000\n\nAlso, which experience excites you more - **serene backwaters** or **misty hill stations**? ­ƒÅ×´©Å",
  "provider": "claude"
}
